UID recibido: C378CCFFFF20000300000112
UID recibido: C477CCFFFF20000300000112
UID recibido: C378CCFFFF20000300000112
UID recibido: C477CCFFFF20000300000112
UID recibido: C477CCFFFF20000300000112
UID recibido: C378CCFFFF20000300000112
UID recibido: C378CCFFFF20000300000112
UID recibido: C477CCFFFF20000300000112
UID recibido: C378CCFFFF20000300000112
UID recibido: C378CCFFFF20000300000112
UID recibido: C378CCFFFF20000300000112
UID recibido: C378CCFFFF20000300000112
UID recibido: C477CCFFFF20000300000112
UID recibido: C378CCFFFF20000300000112
UID recibido: C477CCFFFF20000300000112
UID recibido: C477CCFFFF20000300000112
UID recibido: C378CCFFFF20000300000112
UID recibido: C477CCFFFF20000300000112
UID recibido: C477CCFFFF20000300000112
UID recibido: C477CCFFFF20000300000112
UID recibido: C378CCFFFF20000300000112
UID recibido: C378CCFFFF20000300000112
UID recibido: C477CCFFFF20000300000112
UID recibido: C477CCFFFF20000300000112
UID recibido: C477CCFFFF20000300000112
UID recibido: C477CCFFFF20000300000112
UID recibido: C477CCFFFF20000300000112
UID recibido: C477CCFFFF20000300000112
UID recibido: C378CCFFFF20000300000112
UID recibido: C378CCFFFF20000300000112
UID recibido: C378CCFFFF20000300000112
UID recibido: C477CCFFFF20000300000112
UID recibido: C477CCFFFF20000300000112
UID recibido: C477CCFFFF20000300000112
UID recibido: C378CCFFFF20000300000112
UID recibido: C477CCFFFF20000300000112
UID recibido: C477CCFFFF20000300000112
UID recibido: C477CCFFFF20000300000112
UID recibido: C477CCFFFF20000300000112
UID recibido: C477CCFFFF20000300000112
UID recibido: C378CCFFFF20000300000112
UID recibido: C477CCFFFF20000300000112
UID recibido: C378CCFFFF20000300000112
UID recibido: C378CCFFFF20000300000112
UID recibido: C378CCFFFF20000300000112
UID recibido: C378CCFFFF20000300000112
UID recibido: C378CCFFFF20000300000112
UID recibido: C378CCFFFF20000300000112
UID recibido: C477CCFFFF20000300000112
UID recibido: C477CCFFFF20000300000112
UID recibido: C477CCFFFF20000300000112
UID recibido: C378CCFFFF20000300000112
UID recibido: C477CCFFFF20000300000112
UID recibido: C378CCFFFF20000300000112
UID recibido: C477CCFFFF20000300000112
UID recibido: C378CCFFFF20000300000112
UID recibido: C378CCFFFF20000300000112
UID recibido: C477CCFFFF20000300000112
UID recibido: C378CCFFFF20000300000112
UID recibido: C477CCFFFF20000300000112
UID recibido: C477CCFFFF20000300000112
UID recibido: C378CCFFFF20000300000112
UID recibido: C477CCFFFF20000300000112
UID recibido: C477CCFFFF20000300000112
UID recibido: C477CCFFFF20000300000112
UID recibido: C378CCFFFF20000300000112
UID recibido: C477CCFFFF20000300000112
UID recibido: C378CCFFFF20000300000112
UID recibido: C378CCFFFF20000300000112
UID recibido: C378CCFFFF20000300000112
UID recibido: C378CCFFFF20000300000112
UID recibido: C378CCFFFF20000300000112
UID recibido: C477CCFFFF20000300000112
UID recibido: C378CCFFFF20000300000112
UID recibido: C477CCFFFF20000300000112
UID recibido: C477CCFFFF20000300000112
UID recibido: C477CCFFFF20000300000112
UID recibido: C477CCFFFF20000300000112
UID recibido: C378CCFFFF20000300000112
UID recibido: C477CCFFFF20000300000112
UID recibido: C477CCFFFF20000300000112
UID recibido: C378CCFFFF20000300000112
UID recibido: C477CCFFFF20000300000112
UID recibido: C378CCFFFF20000300000112
UID recibido: C378CCFFFF20000300000112
UID recibido: C378CCFFFF20000300000112
UID recibido: C378CCFFFF20000300000112
UID recibido: C477CCFFFF20000300000112
UID recibido: C378CCFFFF20000300000112
UID recibido: C477CCFFFF20000300000112
UID recibido: C477CCFFFF20000300000112
UID recibido: C378CCFFFF20000300000112
UID recibido: C378CCFFFF20000300000112
UID recibido: C378CCFFFF20000300000112
UID recibido: C378CCFFFF20000300000112
UID recibido: C378CCFFFF20000300000112
UID recibido: C477CCFFFF20000300000112
UID recibido: C477CCFFFF20000300000112
UID recibido: C477CCFFFF20000300000112
UID recibido: C378CCFFFF20000300000112
UID recibido: C378CCFFFF20000300000112
UID recibido: C477CCFFFF20000300000112
UID recibido: C378CCFFFF20000300000112
UID recibido: C477CCFFFF20000300000112
UID recibido: C378CCFFFF20000300000112
UID recibido: C477CCFFFF20000300000112
UID recibido: C477CCFFFF20000300000112
UID recibido: C477CCFFFF20000300000112
UID recibido: C378CCFFFF20000300000112
UID recibido: C378CCFFFF20000300000112
UID recibido: C477CCFFFF20000300000112
UID recibido: C378CCFFFF20000300000112
UID recibido: C477CCFFFF20000300000112
UID recibido: C378CCFFFF20000300000112
UID recibido: C378CCFFFF20000300000112
UID recibido: C477CCFFFF20000300000112
UID recibido: C477CCFFFF20000300000112
UID recibido: C477CCFFFF20000300000112
UID recibido: C378CCFFFF20000300000112
UID recibido: C477CCFFFF20000300000112
UID recibido: C477CCFFFF20000300000112
UID recibido: C378CCFFFF20000300000112
UID recibido: C378CCFFFF20000300000112
UID recibido: C378CCFFFF20000300000112
UID recibido: C477CCFFFF20000300000112
UID recibido: C378CCFFFF20000300000112
UID recibido: C378CCFFFF20000300000112
UID recibido: C477CCFFFF20000300000112
UID recibido: C378CCFFFF20000300000112
UID recibido: C477CCFFFF20000300000112
UID recibido: C378CCFFFF20000300000112
UID recibido: C378CCFFFF20000300000112
UID recibido: C477CCFFFF20000300000112
UID recibido: C378CCFFFF20000300000112
UID recibido: C477CCFFFF20000300000112
UID recibido: C378CCFFFF20000300000112
UID recibido: C477CCFFFF20000300000112
UID recibido: C378CCFFFF20000300000112
UID recibido: C378CCFFFF20000300000112
UID recibido: C378CCFFFF20000300000112
UID recibido: C378CCFFFF20000300000112
UID recibido: C477CCFFFF20000300000112
UID recibido: C477CCFFFF20000300000112
UID recibido: C477CCFFFF20000300000112
UID recibido: C477CCFFFF20000300000112
UID recibido: C378CCFFFF20000300000112
UID recibido: C378CCFFFF20000300000112
UID recibido: C477CCFFFF20000300000112
UID recibido: C477CCFFFF20000300000112
UID recibido: C378CCFFFF20000300000112
UID recibido: C477CCFFFF20000300000112
UID recibido: C378CCFFFF20000300000112
UID recibido: C378CCFFFF20000300000112
UID recibido: C378CCFFFF20000300000112
UID recibido: C477CCFFFF20000300000112
UID recibido: C378CCFFFF20000300000112
UID recibido: C378CCFFFF20000300000112
UID recibido: C477CCFFFF20000300000112
UID recibido: C378CCFFFF20000300000112
UID recibido: C477CCFFFF20000300000112
UID recibido: C378CCFFFF20000300000112
UID recibido: C477CCFFFF20000300000112
UID recibido: C477CCFFFF20000300000112
UID recibido: C378CCFFFF20000300000112
UID recibido: C477CCFFFF20000300000112
UID recibido: C378CCFFFF20000300000112
UID recibido: C378CCFFFF20000300000112
UID recibido: C477CCFFFF20000300000112
UID recibido: C477CCFFFF20000300000112
UID recibido: C477CCFFFF20000300000112
UID recibido: C477CCFFFF20000300000112
UID recibido: C477CCFFFF20000300000112
UID recibido: C378CCFFFF20000300000112
UID recibido: C477CCFFFF20000300000112
UID recibido: C477CCFFFF20000300000112
UID recibido: C378CCFFFF20000300000112
UID recibido: C378CCFFFF20000300000112
UID recibido: C477CCFFFF20000300000112
UID recibido: C477CCFFFF20000300000112
UID recibido: C378CCFFFF20000300000112
UID recibido: C378CCFFFF20000300000112
UID recibido: C477CCFFFF20000300000112
UID recibido: C477CCFFFF20000300000112
UID recibido: C378CCFFFF20000300000112
UID recibido: C477CCFFFF20000300000112
UID recibido: C378CCFFFF20000300000112
UID recibido: C477CCFFFF20000300000112
UID recibido: C378CCFFFF20000300000112
UID recibido: C378CCFFFF20000300000112
UID recibido: C378CCFFFF20000300000112
UID recibido: C477CCFFFF20000300000112
UID recibido: C477CCFFFF20000300000112
UID recibido: C477CCFFFF20000300000112
UID recibido: C477CCFFFF20000300000112
UID recibido: C378CCFFFF20000300000112
UID recibido: C378CCFFFF20000300000112
UID recibido: C378CCFFFF20000300000112
UID recibido: C477CCFFFF20000300000112
UID recibido: C477CCFFFF20000300000112
UID recibido: C477CCFFFF20000300000112
UID recibido: C477CCFFFF20000300000112
UID recibido: C477CCFFFF20000300000112
UID recibido: C477CCFFFF20000300000112
UID recibido: C378CCFFFF20000300000112
UID recibido: FFD700005FCCFFFFD700005F
UID recibido: C378CCFFFF20000300000112
UID recibido: FFD700005FCCFFFFD700005F
UID recibido: C378CCFFFF20000300000112
UID recibido: FFD700005FCCFFFFD700005F
UID recibido: C378CCFFFF20000300000112
UID recibido: 0300000112CCFFFFD700005F
UID recibido: C477CCFFFF20000300000112
UID recibido: C378CCFFFF20000300000112
UID recibido: FFD700005FCCFFFFD700005F
UID recibido: C477CCFFFF20000300000112
UID recibido: C378CCFFFF20000300000112
UID recibido: 0300000112CCFFFFD700005F
UID recibido: C378CCFFFF20000300000112
UID recibido: FFD700005FCCFFFFD700005F
UID recibido: C378CCFFFF20000300000112
UID recibido: FFD700005FCCFFFFD700005F
UID recibido: C477CCFFFF20000300000112
UID recibido: C477CCFFFF20000300000112
UID recibido: C378CCFFFF20000300000112
UID recibido: 0300000112CCFFFFD700005F
UID recibido: C378CCFFFF20000300000112
UID recibido: FFD700005FCCFFFFD700005F
UID recibido: C477CCFFFF20000300000112
UID recibido: C378CCFFFF20000300000112
UID recibido: C477CCFFFF20000300000112
UID recibido: C477CCFFFF20000300000112
UID recibido: C378CCFFFF20000300000112
UID recibido: FFD700005FCCFFFFD700005F
UID recibido: C477CCFFFF20000300000112
UID recibido: C378CCFFFF20000300000112
UID recibido: 0300000112CCFFFFD700005F
UID recibido: C378CCFFFF20000300000112
UID recibido: 0300000112CCFFFFD700005F
UID recibido: C378CCFFFF20000300000112
UID recibido: FFD700005FCCFFFFD700005F
UID recibido: C378CCFFFF20000300000112
UID recibido: FFD700005FCCFFFFD700005F
UID recibido: C477CCFFFF20000300000112
UID recibido: C378CCFFFF20000300000112
UID recibido: FFD700005FCCFFFFD700005F
UID recibido: C477CCFFFF20000300000112
UID recibido: C477CCFFFF20000300000112
UID recibido: C378CCFFFF20000300000112
UID recibido: FFD700005FCCFFFFD700005F
UID recibido: C378CCFFFF20000300000112
UID recibido: FFD700005FCCFFFFD700005F
UID recibido: C477CCFFFF20000300000112
UID recibido: C378CCFFFF20000300000112
UID recibido: FFD700005FCCFFFFD700005F
UID recibido: C477CCFFFF20000300000112
UID recibido: C477CCFFFF20000300000112
UID recibido: C477CCFFFF20000300000112
UID recibido: C477CCFFFF20000300000112
UID recibido: C378CCFFFF20000300000112
UID recibido: FFD700005FCCFFFFD700005F
UID recibido: C378CCFFFF20000300000112
UID recibido: 0300000112CCFFFFD700005F
UID recibido: C378CCFFFF20000300000112
UID recibido: 0300000112CCFFFFD700005F
UID recibido: C378CCFFFF20000300000112
UID recibido: FFD700005FCCFFFFD700005F
UID recibido: C477CCFFFF20000300000112
UID recibido: C477CCFFFF20000300000112
UID recibido: C477CCFFFF20000300000112
UID recibido: C477CCFFFF20000300000112
UID recibido: C378CCFFFF20000300000112
UID recibido: FFD700005FCCFFFFD700005F
UID recibido: C477CCFFFF20000300000112
UID recibido: C477CCFFFF20000300000112
UID recibido: C378CCFFFF20000300000112
UID recibido: FFD700005FCCFFFFD700005F
UID recibido: C477CCFFFF20000300000112
UID recibido: C477CCFFFF20000300000112
UID recibido: C378CCFFFF20000300000112
UID recibido: FFD700005FCCFFFFD700005F
UID recibido: C477CCFFFF20000300000112
UID recibido: C378CCFFFF20000300000112
UID recibido: FFD700005FCCFFFFD700005F
UID recibido: C477CCFFFF20000300000112
UID recibido: C378CCFFFF20000300000112
UID recibido: FFD700005FCCFFFFD700005F
UID recibido: C477CCFFFF20000300000112
UID recibido: C378CCFFFF20000300000112
UID recibido: FFD700005FCCFFFFD700005F
UID recibido: C378CCFFFF20000300000112
UID recibido: FFD700005FCCFFFFD700005F
UID recibido: C378CCFFFF20000300000112
UID recibido: FFD700005FCCFFFFD700005F
UID recibido: C477CCFFFF20000300000112
UID recibido: C477CCFFFF20000300000112
UID recibido: C378CCFFFF20000300000112
UID recibido: FFD700005FCCFFFFD700005F
UID recibido: C378CCFFFF20000300000112
UID recibido: FFD700005FCCFFFFD700005F
UID recibido: C477CCFFFF20000300000112
UID recibido: C378CCFFFF20000300000112
UID recibido: 0300000112CCFFFFD700005F
UID recibido: C378CCFFFF20000300000112
UID recibido: FFD700005FCCFFFFD700005F
UID recibido: C378CCFFFF20000300000112
UID recibido: FFD700005FCCFFFFD700005F
UID recibido: C378CCFFFF20000300000112
UID recibido: FFD700005FCCFFFFD700005F
UID recibido: C477CCFFFF20000300000112
UID recibido: C378CCFFFF20000300000112
UID recibido: 0300000112CCFFFFD700005F
UID recibido: C477CCFFFF20000300000112
UID recibido: C378CCFFFF20000300000112
UID recibido: FFD700005FCCFFFFD700005F
UID recibido: C477CCFFFF20000300000112
UID recibido: C378CCFFFF20000300000112
UID recibido: FFD700005FCCFFFFD700005F
UID recibido: C378CCFFFF20000300000112
UID recibido: FFD700005FCCFFFFD700005F
UID recibido: C378CCFFFF20000300000112
UID recibido: FFD700005FCCFFFFD700005F
UID recibido: C477CCFFFF20000300000112
UID recibido: C477CCFFFF20000300000112
UID recibido: C378CCFFFF20000300000112
UID recibido: FFD700005FCCFFFFD700005F
UID recibido: C378CCFFFF20000300000112
UID recibido: FFD700005FCCFFFFD700005F
UID recibido: C378CCFFFF20000300000112
UID recibido: FFD700005FCCFFFFD700005F
UID recibido: C477CCFFFF20000300000112
UID recibido: C477CCFFFF20000300000112
UID recibido: C378CCFFFF20000300000112
UID recibido: FFD700005FCCFFFFD700005F
UID recibido: C378CCFFFF20000300000112
UID recibido: FFD700005FCCFFFFD700005F
UID recibido: C378CCFFFF20000300000112
UID recibido: FFD700005FCCFFFFD700005F
UID recibido: C378CCFFFF20000300000112
UID recibido: FFD700005FCCFFFFD700005F
UID recibido: C378CCFFFF20000300000112
UID recibido: 0300000112CCFFFFD700005F
UID recibido: C477CCFFFF20000300000112
UID recibido: C378CCFFFF20000300000112
UID recibido: FFD700005FCCFFFFD700005F
UID recibido: C378CCFFFF20000300000112
UID recibido: FFD700005FCCFFFFD700005F
UID recibido: C477CCFFFF20000300000112
UID recibido: C378CCFFFF20000300000112
UID recibido: FFD700005FCCFFFFD700005F
UID recibido: C378CCFFFF20000300000112
UID recibido: 0300000112CCFFFFD700005F
UID recibido: C477CCFFFF20000300000112
UID recibido: C378CCFFFF20000300000112
UID recibido: FFD700005FCCFFFFD700005F
UID recibido: C378CCFFFF20000300000112
UID recibido: FFD700005FCCFFFFD700005F
UID recibido: C378CCFFFF20000300000112
UID recibido: FFD700005FCCFFFFD700005F
UID recibido: C378CCFFFF20000300000112
UID recibido: FFD700005FCCFFFFD700005F
UID recibido: C477CCFFFF20000300000112
UID recibido: C378CCFFFF20000300000112
UID recibido: FFD700005FCCFFFFD700005F
UID recibido: C477CCFFFF20000300000112
UID recibido: C378CCFFFF20000300000112
UID recibido: 0300000112CCFFFFD700005F
UID recibido: C477CCFFFF20000300000112
UID recibido: C477CCFFFF20000300000112
UID recibido: C378CCFFFF20000300000112
UID recibido: 0300000112CCFFFFD700005F
UID recibido: C477CCFFFF20000300000112
UID recibido: C378CCFFFF20000300000112
UID recibido: FFD700005FCCFFFFD700005F
UID recibido: C378CCFFFF20000300000112
UID recibido: C477CCFFFF20000300000112
UID recibido: C378CCFFFF20000300000112
UID recibido: FFD700005FCCFFFFD700005F
UID recibido: C477CCFFFF20000300000112
UID recibido: C477CCFFFF20000300000112
UID recibido: C378CCFFFF20000300000112
UID recibido: FFD700005FCCFFFFD700005F
UID recibido: C378CCFFFF20000300000112
UID recibido: FFD700005FCCFFFFD700005F
UID recibido: C378CCFFFF20000300000112
UID recibido: FFD700005FCCFFFFD700005F
UID recibido: C378CCFFFF20000300000112
UID recibido: C378CCFFFF20000300000112
UID recibido: FFD700005FCCFFFFD700005F
UID recibido: C378CCFFFF20000300000112
UID recibido: FFD700005FCCFFFFD700005F
UID recibido: C477CCFFFF20000300000112
UID recibido: C477CCFFFF20000300000112
UID recibido: C477CCFFFF20000300000112
UID recibido: C477CCFFFF20000300000112
UID recibido: C477CCFFFF20000300000112
UID recibido: C477CCFFFF20000300000112
UID recibido: C378CCFFFF20000300000112
UID recibido: FFD700005FCCFFFFD700005F
UID recibido: C477CCFFFF20000300000112
UID recibido: C477CCFFFF20000300000112
UID recibido: C378CCFFFF20000300000112
UID recibido: 0300000112CCFFFFD700005F
UID recibido: C477CCFFFF20000300000112
UID recibido: C378CCFFFF20000300000112
UID recibido: FFD700005FCCFFFFD700005F
UID recibido: C378CCFFFF20000300000112
UID recibido: FFD700005FCCFFFFD700005F
UID recibido: C477CCFFFF20000300000112
UID recibido: C378CCFFFF20000300000112
UID recibido: FFD700005FCCFFFFD700005F
UID recibido: C477CCFFFF20000300000112
UID recibido: C378CCFFFF20000300000112
UID recibido: FFD700005FCCFFFFD700005F
UID recibido: C477CCFFFF20000300000112
UID recibido: C477CCFFFF20000300000112
UID recibido: C378CCFFFF20000300000112
UID recibido: FFD700005FCCFFFFD700005F
UID recibido: C378CCFFFF20000300000112
UID recibido: FFD700005FCCFFFFD700005F
UID recibido: C477CCFFFF20000300000112
UID recibido: C378CCFFFF20000300000112
UID recibido: FFD700005FCCFFFFD700005F
UID recibido: C378CCFFFF20000300000112
UID recibido: FFD700005FCCFFFFD700005F
UID recibido: C477CCFFFF20000300000112
UID recibido: C378CCFFFF20000300000112
UID recibido: FFD700005FCCFFFFD700005F
UID recibido: C378CCFFFF20000300000112
UID recibido: FFD700005FCCFFFFD700005F
UID recibido: C477CCFFFF20000300000112
UID recibido: C378CCFFFF20000300000112
UID recibido: 0300000112CCFFFFD700005F
UID recibido: C378CCFFFF20000300000112
UID recibido: FFD700005FCCFFFFD700005F
UID recibido: C378CCFFFF20000300000112
UID recibido: FFD700005FCCFFFFD700005F
UID recibido: C378CCFFFF20000300000112
UID recibido: FFD700005FCCFFFFD700005F
UID recibido: C477CCFFFF20000300000112
UID recibido: C378CCFFFF20000300000112
UID recibido: FFD700005FCCFFFFD700005F
UID recibido: C378CCFFFF20000300000112
UID recibido: 0300000112CCFFFFD700005F
UID recibido: C477CCFFFF20000300000112
UID recibido: C378CCFFFF20000300000112
UID recibido: FFD700005FCCFFFFD700005F
UID recibido: C477CCFFFF20000300000112
UID recibido: C378CCFFFF20000300000112
UID recibido: FFD700005FCCFFFFD700005F
UID recibido: C378CCFFFF20000300000112
UID recibido: FFD700005FCCFFFFD700005F
UID recibido: C378CCFFFF20000300000112
UID recibido: FFD700005FCCFFFFD700005F
UID recibido: C477CCFFFF20000300000112
UID recibido: C378CCFFFF20000300000112
UID recibido: FFD700005FCCFFFFD700005F
UID recibido: C378CCFFFF20000300000112
UID recibido: FFD700005FCCFFFFD700005F
UID recibido: C378CCFFFF20000300000112
UID recibido: FFD700005FCCFFFFD700005F
UID recibido: C477CCFFFF20000300000112
UID recibido: C378CCFFFF20000300000112
UID recibido: 0300000112CCFFFFD700005F
UID recibido: C477CCFFFF20000300000112
UID recibido: C477CCFFFF20000300000112
UID recibido: C378CCFFFF20000300000112
UID recibido: FFD700005FCCFFFFD700005F
UID recibido: C477CCFFFF20000300000112
UID recibido: C477CCFFFF20000300000112
UID recibido: C378CCFFFF20000300000112
UID recibido: FFD700005FCCFFFFD700005F
UID recibido: C378CCFFFF20000300000112
UID recibido: FFD700005FCCFFFFD700005F
UID recibido: C378CCFFFF20000300000112
UID recibido: FFD700005FCCFFFFD700005F
UID recibido: C477CCFFFF20000300000112
UID recibido: C477CCFFFF20000300000112
UID recibido: C378CCFFFF20000300000112
UID recibido: FFD700005FCCFFFFD700005F
UID recibido: C477CCFFFF20000300000112
UID recibido: C378CCFFFF20000300000112
UID recibido: FFD700005FCCFFFFD700005F
UID recibido: C378CCFFFF20000300000112
UID recibido: FFD700005FCCFFFFD700005F
UID recibido: C477CCFFFF20000300000112
UID recibido: C477CCFFFF20000300000112
UID recibido: C477CCFFFF20000300000112
UID recibido: C477CCFFFF20000300000112
UID recibido: C477CCFFFF20000300000112
UID recibido: C477CCFFFF20000300000112
UID recibido: C378CCFFFF20000300000112
UID recibido: FFD700005FCCFFFFD700005F
UID recibido: C477CCFFFF20000300000112
UID recibido: C477CCFFFF20000300000112
UID recibido: C378CCFFFF20000300000112
UID recibido: FFD700005FCCFFFFD700005F
UID recibido: C477CCFFFF20000300000112
UID recibido: C477CCFFFF20000300000112
UID recibido: C477CCFFFF20000300000112
UID recibido: C477CCFFFF20000300000112
UID recibido: C477CCFFFF20000300000112
UID recibido: C378CCFFFF20000300000112
UID recibido: FFD700005FCCFFFFD700005F
UID recibido: C477CCFFFF20000300000112
UID recibido: C378CCFFFF20000300000112
UID recibido: FFD700005FCCFFFFD700005F
UID recibido: C378CCFFFF20000300000112
UID recibido: FFD700005FCCFFFFD700005F
UID recibido: C477CCFFFF20000300000112
UID recibido: C378CCFFFF20000300000112
UID recibido: FFD700005FCCFFFFD700005F
UID recibido: C477CCFFFF20000300000112
UID recibido: C378CCFFFF20000300000112
UID recibido: FFD700005FCCFFFFD700005F
UID recibido: C477CCFFFF20000300000112
UID recibido: C477CCFFFF20000300000112
UID recibido: C378CCFFFF20000300000112
UID recibido: 0300000112CCFFFFD700005F
UID recibido: C477CCFFFF20000300000112
UID recibido: C477CCFFFF20000300000112
UID recibido: C477CCFFFF20000300000112
UID recibido: C378CCFFFF20000300000112
UID recibido: FFD700005FCCFFFFD700005F
UID recibido: C378CCFFFF20000300000112
UID recibido: FFD700005FCCFFFFD700005F
UID recibido: C378CCFFFF20000300000112
UID recibido: FFD700005FCCFFFFD700005F
UID recibido: C477CCFFFF20000300000112
UID recibido: C477CCFFFF20000300000112
UID recibido: C477CCFFFF20000300000112
UID recibido: C378CCFFFF20000300000112
UID recibido: FFD700005FCCFFFFD700005F
UID recibido: C378CCFFFF20000300000112
UID recibido: FFD700005FCCFFFFD700005F
UID recibido: C477CCFFFF20000300000112
UID recibido: C378CCFFFF20000300000112
UID recibido: FFD700005FCCFFFFD700005F
UID recibido: C477CCFFFF20000300000112
UID recibido: C477CCFFFF20000300000112
UID recibido: C378CCFFFF20000300000112
UID recibido: FFD700005FCCFFFFD700005F
UID recibido: C477CCFFFF20000300000112
UID recibido: C477CCFFFF20000300000112
UID recibido: C477CCFFFF20000300000112
UID recibido: C378CCFFFF20000300000112
UID recibido: FFD700005FCCFFFFD700005F
UID recibido: C378CCFFFF20000300000112
UID recibido: FFD700005FCCFFFFD700005F
UID recibido: C477CCFFFF20000300000112
UID recibido: C378CCFFFF20000300000112
UID recibido: 0300000112CCFFFFD700005F
UID recibido: C378CCFFFF20000300000112
UID recibido: 0300000112CCFFFFD700005F
UID recibido: C378CCFFFF20000300000112
UID recibido: 0300000112CCFFFFD700005F
UID recibido: C378CCFFFF20000300000112
UID recibido: FFD700005FCCFFFFD700005F
UID recibido: C378CCFFFF20000300000112
UID recibido: 0300000112CCFFFFD700005F
UID recibido: C477CCFFFF20000300000112
UID recibido: C477CCFFFF20000300000112
UID recibido: C477CCFFFF20000300000112
UID recibido: C477CCFFFF20000300000112
UID recibido: C378CCFFFF20000300000112
UID recibido: FFD700005FCCFFFFD700005F
UID recibido: C378CCFFFF20000300000112
UID recibido: 0300000112CCFFFFD700005F
UID recibido: C378CCFFFF20000300000112
UID recibido: 0300000112CCFFFFD700005F
UID recibido: C378CCFFFF20000300000112
UID recibido: FFD700005FCCFFFFD700005F
UID recibido: C378CCFFFF20000300000112
UID recibido: 0300000112CCFFFFD700005F
UID recibido: C378CCFFFF20000300000112
UID recibido: 0300000112CCFFFFD700005F
UID recibido: C378CCFFFF20000300000112
UID recibido: FFD700005FCCFFFFD700005F
UID recibido: C477CCFFFF20000300000112
UID recibido: C378CCFFFF20000300000112
UID recibido: FFD700005FCCFFFFD700005F
UID recibido: C477CCFFFF20000300000112
UID recibido: C378CCFFFF20000300000112
UID recibido: FFD700005FCCFFFFD700005F
UID recibido: C477CCFFFF20000300000112
UID recibido: C477CCFFFF20000300000112
UID recibido: C378CCFFFF20000300000112
UID recibido: FFD700005FCCFFFFD700005F
UID recibido: C477CCFFFF20000300000112
UID recibido: C477CCFFFF20000300000112
UID recibido: C378CCFFFF20000300000112
UID recibido: FFD700005FCCFFFFD700005F
UID recibido: C378CCFFFF20000300000112
UID recibido: FFD700005FCCFFFFD700005F
UID recibido: C477CCFFFF20000300000112
UID recibido: C378CCFFFF20000300000112
UID recibido: FFD700005FCCFFFFD700005F
UID recibido: C477CCFFFF20000300000112
UID recibido: C378CCFFFF20000300000112
UID recibido: FFD700005FCCFFFFD700005F
UID recibido: C378CCFFFF20000300000112
UID recibido: FFD700005FCCFFFFD700005F
UID recibido: C378CCFFFF20000300000112
UID recibido: FFD700005FCCFFFFD700005F
UID recibido: C477CCFFFF20000300000112
UID recibido: C477CCFFFF20000300000112
UID recibido: C477CCFFFF20000300000112
UID recibido: C378CCFFFF20000300000112
UID recibido: C378CCFFFF20000300000112
UID recibido: FFD700005FCCFFFFD700005F
UID recibido: C477CCFFFF20000300000112
UID recibido: C477CCFFFF20000300000112
UID recibido: C378CCFFFF20000300000112
UID recibido: FFD700005FCCFFFFD700005F
UID recibido: C477CCFFFF20000300000112
UID recibido: C477CCFFFF20000300000112
UID recibido: C477CCFFFF20000300000112
UID recibido: C378CCFFFF20000300000112
UID recibido: FFD700005FCCFFFFD700005F
UID recibido: C477CCFFFF20000300000112
UID recibido: C378CCFFFF20000300000112
UID recibido: 0300000112CCFFFFD700005F
UID recibido: C378CCFFFF20000300000112
UID recibido: FFD700005FCCFFFFD700005F
UID recibido: C378CCFFFF20000300000112
UID recibido: FFD700005FCCFFFFD700005F
UID recibido: C378CCFFFF20000300000112
UID recibido: FFD700005FCCFFFFD700005F
UID recibido: C477CCFFFF20000300000112
UID recibido: C378CCFFFF20000300000112
UID recibido: FFD700005FCCFFFFD700005F
UID recibido: C477CCFFFF20000300000112
UID recibido: C378CCFFFF20000300000112
UID recibido: FFD700005FCCFFFFD700005F
UID recibido: C378CCFFFF20000300000112
UID recibido: FFD700005FCCFFFFD700005F
UID recibido: C477CCFFFF20000300000112
UID recibido: C378CCFFFF20000300000112
UID recibido: FFD700005FCCFFFFD700005F
UID recibido: C477CCFFFF20000300000112
UID recibido: C378CCFFFF20000300000112
UID recibido: FFD700005FCCFFFFD700005F
UID recibido: C378CCFFFF20000300000112
UID recibido: FFD700005FCCFFFFD700005F
UID recibido: C477CCFFFF20000300000112
UID recibido: C378CCFFFF20000300000112
UID recibido: FFD700005FCCFFFFD700005F
UID recibido: C378CCFFFF20000300000112
UID recibido: FFD700005FCCFFFFD700005F
UID recibido: C378CCFFFF20000300000112
UID recibido: FFD700005FCCFFFFD700005F
UID recibido: C477CCFFFF20000300000112
UID recibido: C477CCFFFF20000300000112
UID recibido: C378CCFFFF20000300000112
UID recibido: FFD700005FCCFFFFD700005F
UID recibido: C378CCFFFF20000300000112
UID recibido: FFD700005FCCFFFFD700005F
UID recibido: C378CCFFFF20000300000112
UID recibido: FFD700005FCCFFFFD700005F
UID recibido: C378CCFFFF20000300000112
UID recibido: FFD700005FCCFFFFD700005F
UID recibido: C378CCFFFF20000300000112
UID recibido: FFD700005FCCFFFFD700005F
UID recibido: C378CCFFFF20000300000112
UID recibido: FFD700005FCCFFFFD700005F
UID recibido: C378CCFFFF20000300000112
UID recibido: FFD700005FCCFFFFD700005F
UID recibido: C477CCFFFF20000300000112
UID recibido: C378CCFFFF20000300000112
UID recibido: 0300000112CCFFFFD700005F
UID recibido: C477CCFFFF20000300000112
UID recibido: C378CCFFFF20000300000112
UID recibido: FFD700005FCCFFFFD700005F
UID recibido: C378CCFFFF20000300000112
UID recibido: C378CCFFFF20000300000112
UID recibido: FFD700005FCCFFFFD700005F
UID recibido: C477CCFFFF20000300000112
UID recibido: C378CCFFFF20000300000112
UID recibido: C477CCFFFF20000300000112
UID recibido: C378CCFFFF20000300000112
UID recibido: FFD700005FCCFFFFD700005F
UID recibido: C477CCFFFF20000300000112
UID recibido: C477CCFFFF20000300000112
UID recibido: C378CCFFFF20000300000112
UID recibido: FFD700005FCCFFFFD700005F
UID recibido: C477CCFFFF20000300000112
UID recibido: C378CCFFFF20000300000112
UID recibido: FFD700005FCCFFFFD700005F
UID recibido: C378CCFFFF20000300000112
UID recibido: FFD700005FCCFFFFD700005F
UID recibido: C477CCFFFF20000300000112
UID recibido: C378CCFFFF20000300000112
UID recibido: FFD700005FCCFFFFD700005F
UID recibido: C378CCFFFF20000300000112
UID recibido: FFD700005FCCFFFFD700005F
UID recibido: C378CCFFFF20000300000112
UID recibido: FFD700005FCCFFFFD700005F
UID recibido: C477CCFFFF20000300000112
UID recibido: C477CCFFFF20000300000112
UID recibido: C477CCFFFF20000300000112
UID recibido: C477CCFFFF20000300000112
UID recibido: C378CCFFFF20000300000112
UID recibido: FFD700005FCCFFFFD700005F
UID recibido: C378CCFFFF20000300000112
UID recibido: FFD700005FCCFFFFD700005F
UID recibido: C477CCFFFF20000300000112
UID recibido: C378CCFFFF20000300000112
UID recibido: FFD700005FCCFFFFD700005F
UID recibido: C477CCFFFF20000300000112
UID recibido: C477CCFFFF20000300000112
UID recibido: C477CCFFFF20000300000112
UID recibido: C477CCFFFF20000300000112
UID recibido: C477CCFFFF20000300000112
UID recibido: C477CCFFFF20000300000112
UID recibido: C477CCFFFF20000300000112
UID recibido: C378CCFFFF20000300000112
UID recibido: FFD700005FCCFFFFD700005F
UID recibido: C477CCFFFF20000300000112
UID recibido: C477CCFFFF20000300000112
UID recibido: C378CCFFFF20000300000112
UID recibido: FFD700005FCCFFFFD700005F
UID recibido: C378CCFFFF20000300000112
UID recibido: FFD700005FCCFFFFD700005F
UID recibido: C477CCFFFF20000300000112
UID recibido: C477CCFFFF20000300000112
UID recibido: C378CCFFFF20000300000112
UID recibido: FFD700005FCCFFFFD700005F
UID recibido: C477CCFFFF20000300000112
UID recibido: C378CCFFFF20000300000112
UID recibido: FFD700005FCCFFFFD700005F
UID recibido: C477CCFFFF20000300000112
UID recibido: C378CCFFFF20000300000112
UID recibido: 0300000112CCFFFFD700005F
UID recibido: C378CCFFFF20000300000112
UID recibido: FFD700005FCCFFFFD700005F
UID recibido: C378CCFFFF20000300000112
UID recibido: FFD700005FCCFFFFD700005F
UID recibido: C378CCFFFF20000300000112
UID recibido: FFD700005FCCFFFFD700005F
UID recibido: C378CCFFFF20000300000112
UID recibido: FFD700005FCCFFFFD700005F
UID recibido: C477CCFFFF20000300000112
UID recibido: C378CCFFFF20000300000112
UID recibido: FFD700005FCCFFFFD700005F
UID recibido: C477CCFFFF20000300000112
UID recibido: C477CCFFFF20000300000112
UID recibido: C378CCFFFF20000300000112
UID recibido: FFD700005FCCFFFFD700005F
UID recibido: C477CCFFFF20000300000112
UID recibido: C378CCFFFF20000300000112
UID recibido: 0300000112CCFFFFD700005F
UID recibido: C477CCFFFF20000300000112
UID recibido: C477CCFFFF20000300000112
UID recibido: C477CCFFFF20000300000112
UID recibido: C477CCFFFF20000300000112
UID recibido: C378CCFFFF20000300000112
UID recibido: FFD700005FCCFFFFD700005F
UID recibido: C378CCFFFF20000300000112
UID recibido: FFD700005FCCFFFFD700005F
UID recibido: C477CCFFFF20000300000112
UID recibido: C378CCFFFF20000300000112
UID recibido: FFD700005FCCFFFFD700005F
UID recibido: C378CCFFFF20000300000112
UID recibido: FFD700005FCCFFFFD700005F
UID recibido: C477CCFFFF20000300000112
UID recibido: C477CCFFFF20000300000112
UID recibido: C477CCFFFF20000300000112
UID recibido: C378CCFFFF20000300000112
UID recibido: FFD700005FCCFFFFD700005F
UID recibido: C477CCFFFF20000300000112
UID recibido: C378CCFFFF20000300000112
UID recibido: 0300000112CCFFFFD700005F
UID recibido: C378CCFFFF20000300000112
UID recibido: FFD700005FCCFFFFD700005F
UID recibido: C378CCFFFF20000300000112
UID recibido: 0300000112CCFFFFD700005F
UID recibido: C477CCFFFF20000300000112
UID recibido: C378CCFFFF20000300000112
UID recibido: FFD700005FCCFFFFD700005F
UID recibido: C477CCFFFF20000300000112
UID recibido: C378CCFFFF20000300000112
UID recibido: FFD700005FCCFFFFD700005F
UID recibido: C477CCFFFF20000300000112
UID recibido: C378CCFFFF20000300000112
UID recibido: FFD700005FCCFFFFD700005F
UID recibido: C477CCFFFF20000300000112
UID recibido: C378CCFFFF20000300000112
UID recibido: 0300000112CCFFFFD700005F
UID recibido: C477CCFFFF20000300000112
UID recibido: C378CCFFFF20000300000112
UID recibido: FFD700005FCCFFFFD700005F
UID recibido: C378CCFFFF20000300000112
UID recibido: FFD700005FCCFFFFD700005F
UID recibido: C378CCFFFF20000300000112
UID recibido: FFD700005FCCFFFFD700005F
UID recibido: C378CCFFFF20000300000112
UID recibido: 0300000112CCFFFFD700005F
UID recibido: C378CCFFFF20000300000112
UID recibido: FFD700005FCCFFFFD700005F
UID recibido: C378CCFFFF20000300000112
UID recibido: FFD700005FCCFFFFD700005F
UID recibido: C378CCFFFF20000300000112
UID recibido: FFD700005FCCFFFFD700005F
UID recibido: C378CCFFFF20000300000112
UID recibido: FFD700005FCCFFFFD700005F
UID recibido: C378CCFFFF20000300000112
UID recibido: FFD700005FCCFFFFD700005F
UID recibido: C477CCFFFF20000300000112
UID recibido: C378CCFFFF20000300000112
UID recibido: 00007005E6C28D0E6F10C378
UID recibido: C378CCFFFF20000300000112
UID recibido: 0E6F10BD7BCCFFFFD700005F
UID recibido: C378CCFFFF20000300000112
UID recibido: 0E6F10C078CCFFFFD700005F
UID recibido: B487CCFFFF20000300000112
UID recibido: C07BCCFFFF20000300000112
UID recibido: A794CCFFFF20000300000112
UID recibido: AD8ECCFFFF20000300000112
UID recibido: AF8CCCFFFF20000300000112
UID recibido: C279CCFFFF20000300000112
UID recibido: C378CCFFFF20000300000112
UID recibido: 0E6F10C177CCFFFFD700005F
UID recibido: 00007005E6C28D0E6F10B883
UID recibido: C378CCFFFF20000300000112
UID recibido: 0300000112CCFFFFD700005F
UID recibido: 00000004DBB75E869526A3FA
UID recibido: 0000401B3D2694888D40A32A
UID recibido: A924CCFFFF20000300000112
UID recibido: 9F2ECCFFFF20000300000112
UID recibido: A32ACCFFFF20000300000112
UID recibido: 0000401B3D2694888D409F2E
UID recibido: 0000401B3D2694888D40A528
UID recibido: 00007004DBB7CE859BAAA92B
UID recibido: BB19CCFFFF20000300000112
UID recibido: B420CCFFFF20000300000112
UID recibido: AA2ACCFFFF20000300000112
UID recibido: A39CCCFFFF20000300000112
UID recibido: 9FA0CCFFFF20000300000112
UID recibido: 0000401B3D280C87F6EC9FA0
UID recibido: 0000401B3D280C87F6ECA39C
UID recibido: 9FA0CCFFFF20000300000112
UID recibido: 9FA0CCFFFF20000300000112
UID recibido: 0000401B3D280C87F6EC99A6
UID recibido: 0000401B3D280C87F6EC9FA0
UID recibido: 0000401B3D280C87F6EC9FA0
UID recibido: 0000401B3D280C87F6ECA39C
UID recibido: 0000401B3D280C87F6ECA39C
UID recibido: 0000401B3D280C87F6ECAA95
UID recibido: AC93CCFFFF20000300000112
UID recibido: B18ECCFFFF20000300000112
UID recibido: B689CCFFFF20000300000112
UID recibido: A996CCFFFF20000300000112
UID recibido: 9FA0CCFFFF20000300000112
UID recibido: 0000401B3D26708E31F09FF8
UID recibido: 99FECCFFFF20000300000112
UID recibido: 0000401B3D26708E31F0AAED
UID recibido: 9FF8CCFFFF20000300000112
UID recibido: 9FF8CCFFFF20000300000112
UID recibido: 99FECCFFFF20000300000112
UID recibido: A7F0CCFFFF20000300000112
UID recibido: B1E6CCFFFF20000300000112
UID recibido: BBDCCCFFFF20000300000112
UID recibido: BBDCCCFFFF20000300000112
UID recibido: AD33CCFFFF20000300000112
UID recibido: 0074FFFF0002ADEE060DAD33
UID recibido: A7F6CCFFFF20000300000112
UID recibido: 0000401B3D268C8B37F9ABC4
UID recibido: B8B7CCFFFF20000300000112
UID recibido: 0000401B3D268C8B37F9ACC3
UID recibido: 0000401B3D268C8B37F9BCB3
UID recibido: BEB1CCFFFF20000300000112
UID recibido: BEB1CCFFFF20000300000112
UID recibido: BEB1CCFFFF20000300000112
UID recibido: 0000401B3D268C8B37F9B7B8
UID recibido: 0000401B3D268C8B37F9B7B8
UID recibido: 0000401B3D268C8B37F9B9B6
UID recibido: 0000401B3D268C8B37F9BBB4
UID recibido: 0000401B3D268C8B37F9BDB2
UID recibido: BDB2CCFFFF20000300000112
UID recibido: 414F000091880630F668A59B
UID recibido: 00007005E6C28D0E6F10A794
UID recibido: 414F000091880630F668A39D
UID recibido: 414F000091880630F668A39D
UID recibido: 9F9CCCFFFF20000300000112
UID recibido: 00007005E6C28D0E6F10A596
UID recibido: A39DCCFFFF20000300000112
UID recibido: 9FA1CCFFFF20000300000112
UID recibido: 00007005E6C28D0E6F10B487
UID recibido: C378CCFFFF20000300000112
UID recibido: FFD700005FCCFFFFD700005F
UID recibido: 00007005E6C28D0E6F10A794
UID recibido: 41550000651451087799A560
UID recibido: A799CCFFFF20000300000112
UID recibido: A59BCCFFFF20000300000112
UID recibido: A799CCFFFF20000300000112
UID recibido: A59BCCFFFF20000300000112
UID recibido: 9FA1CCFFFF20000300000112
UID recibido: A39DCCFFFF20000300000112
UID recibido: A39DCCFFFF20000300000112
UID recibido: AA96CCFFFF20000300000112
UID recibido: A95CCCFFFF20000300000112
UID recibido: A799CCFFFF20000300000112
UID recibido: A799CCFFFF20000300000112
UID recibido: A799CCFFFF20000300000112
UID recibido: A59BCCFFFF20000300000112
UID recibido: 9FA1CCFFFF20000300000112
UID recibido: 9FA1CCFFFF20000300000112
UID recibido: A799CCFFFF20000300000112
UID recibido: AA96CCFFFF20000300000112
UID recibido: AB95CCFFFF20000300000112
UID recibido: AA96CCFFFF20000300000112
UID recibido: AA96CCFFFF20000300000112
UID recibido: AB95CCFFFF20000300000112
UID recibido: AE92CCFFFF20000300000112
UID recibido: B28ECCFFFF20000300000112
UID recibido: B48CCCFFFF20000300000112
UID recibido: B48CCCFFFF20000300000112
UID recibido: B38DCCFFFF20000300000112
UID recibido: 414F000091880630F668B38D
UID recibido: B48CCCFFFF20000300000112
UID recibido: B38DCCFFFF20000300000112
UID recibido: B48CCCFFFF20000300000112
UID recibido: B48CCCFFFF20000300000112
UID recibido: 00007005E6C28D0E6F10A596
UID recibido: 00007005E6C28D0E6F10A596
UID recibido: 414F000091880630F668B58B
UID recibido: 414F000091880630F668B58B
UID recibido: 00007005E6C28D0E6F10AA91
UID recibido: 00007005E6C28D0E6F10A992
UID recibido: 414F000091880630F668B48C
UID recibido: 414F000091880630F668B58B
UID recibido: 00007005E6C28D0E6F10AA91
UID recibido: 00007005E6C28D0E6F10AA91
UID recibido: 414F000091880630F668B58B
UID recibido: 00007005E6C28D0E6F10AB90
UID recibido: 414F000091880630F668B48C
UID recibido: 00007005E6C28D0E6F10A794
UID recibido: 414F000091880630F668B58B
UID recibido: 414F000091880630F668B58B
UID recibido: 00007005E6C28D0E6F10A794
UID recibido: 00007005E6C28D0E6F10AB90
UID recibido: 00007005E6C28D0E6F10A794
UID recibido: 00007005E6C28D0E6F10A596
UID recibido: 00007005E6C28D0E6F10A596
UID recibido: 00007005E6C28D0E6F10A992
UID recibido: 00007005E6C28D0E6F10AA91
UID recibido: 00007005E6C28D0E6F10A992
UID recibido: 414F000091880630F668B58B
UID recibido: 00007005E6C28D0E6F10A992
UID recibido: 00007005E6C28D0E6F10A596
UID recibido: 00007005E6C28D0E6F10A596
UID recibido: 00007005E6C28D0E6F10A596
UID recibido: B58BCCFFFF20000300000112
UID recibido: 414F000091880630F668B48C
UID recibido: 00007005E6C28D0E6F10A596
UID recibido: 414F000091880630F668B58B
UID recibido: 00007005E6C28D0E6F10A992
UID recibido: 414F000091880630F668B58B
UID recibido: 00007005E6C28D0E6F10A992
UID recibido: 414F000091880630F668B58B
UID recibido: 00007005E6C28D0E6F10A794
UID recibido: 00007005E6C28D0E6F10A794
UID recibido: 414F000091880630F668B48C
UID recibido: 00007005E6C28D0E6F10A794
UID recibido: 00007005E6C28D0E6F10A794
UID recibido: 414F000091880630F668B48C
UID recibido: 414F000091880630F668B48C
UID recibido: 00007005E6C28D0E6F10A794
UID recibido: B48CCCFFFF20000300000112
UID recibido: 00007005E6C28D0E6F10A794
UID recibido: 00007005E6C28D0E6F10A794
UID recibido: 00007005E6C28D0E6F10A794
UID recibido: B48CCCFFFF20000300000112
UID recibido: 00007005E6C28D0E6F10A794
UID recibido: 414F000091880630F668B48C
UID recibido: 00007005E6C28D0E6F10AA91
UID recibido: B48CCCFFFF20000300000112
UID recibido: B48CCCFFFF20000300000112
UID recibido: B48CCCFFFF20000300000112
UID recibido: 414F000091880630F668B58B
UID recibido: 00007005E6C28D0E6F10AC8F
UID recibido: B58BCCFFFF20000300000112
UID recibido: B58BCCFFFF20000300000112
UID recibido: B58BCCFFFF20000300000112
UID recibido: B58BCCFFFF20000300000112
UID recibido: B58BCCFFFF20000300000112
UID recibido: B48CCCFFFF20000300000112
UID recibido: B58BCCFFFF20000300000112
UID recibido: B58BCCFFFF20000300000112
UID recibido: B58BCCFFFF20000300000112
UID recibido: B48CCCFFFF20000300000112
UID recibido: B58BCCFFFF20000300000112
UID recibido: B58BCCFFFF20000300000112
UID recibido: B48CCCFFFF20000300000112
UID recibido: B48CCCFFFF20000300000112
UID recibido: B58BCCFFFF20000300000112
UID recibido: B58BCCFFFF20000300000112
UID recibido: 00007005E6C28D0E6F10AE8D
UID recibido: 414F000091880630F668B58B
UID recibido: 00007005E6C28D0E6F10AB90
UID recibido: 414F000091880630F668B58B
UID recibido: 00007005E6C28D0E6F10AA91
UID recibido: 00007005E6C28D0E6F10B289
UID recibido: 414F000091880630F668B68A
UID recibido: 00007005E6C28D0E6F10AD8E
UID recibido: 00007005E6C28D0E6F10AA91
UID recibido: 414F000091880630F668B18F
UID recibido: 00007005E6C28D0E6F10A596
UID recibido: 414F000091880630F668B18F
UID recibido: 00007005E6C28D0E6F10B18A
UID recibido: 00007005E6C28D0E6F10AB90
UID recibido: 00007005E6C28D0E6F10AE8D
UID recibido: 414F000091880630F668B28E
UID recibido: B28ECCFFFF20000300000112
UID recibido: 00007005E6C28D0E6F10A596
UID recibido: B18FCCFFFF20000300000112
UID recibido: 00007005E6C28D0E6F10A992
UID recibido: 414F000091880630F668B28E
UID recibido: 00007005E6C28D0E6F10A794
UID recibido: B28ECCFFFF20000300000112
UID recibido: 00007005E6C28D0E6F10A794
UID recibido: 00007005E6C28D0E6F10A992
UID recibido: 414F000091880630F668B18F
UID recibido: 414F000091880630F668B28E
UID recibido: 00007005E6C28D0E6F10B08B
UID recibido: 00007005E6C28D0E6F10A992
UID recibido: 414F000091880630F668B28E
UID recibido: 00007005E6C28D0E6F10A794
UID recibido: 00007005E6C28D0E6F10A794
UID recibido: 414F000091880630F668B18F
UID recibido: 414F000091880630F668B28E
UID recibido: 414F000091880630F668B18F
UID recibido: 414F000091880630F668B18F
UID recibido: B38DCCFFFF20000300000112
UID recibido: B68ACCFFFF20000300000112
UID recibido: B58BCCFFFF20000300000112
UID recibido: B48CCCFFFF20000300000112
UID recibido: B58BCCFFFF20000300000112
UID recibido: 414F000091880630F668B58B
UID recibido: 414F000091880630F668B58B
UID recibido: 00007005E6C28D0E6F10B784
UID recibido: 414F000091880630F668B68A
UID recibido: 00007005E6C28D0E6F10BE7D
UID recibido: 00007005E6C28D0E6F10C17A
UID recibido: 00007005E6C28D0E6F10C279
UID recibido: 414F000091880630F668B38D
UID recibido: C07BCCFFFF20000300000112
UID recibido: C378CCFFFF20000300000112
UID recibido: 00007005E6C28D0E6F10C378
UID recibido: 00007005E6C28D0E6F10B289
UID recibido: B48CCCFFFF20000300000112
UID recibido: B58BCCFFFF20000300000112
UID recibido: B58BCCFFFF20000300000112
UID recibido: B68ACCFFFF20000300000112
UID recibido: B68ACCFFFF20000300000112
UID recibido: B68ACCFFFF20000300000112
UID recibido: 414F000091880630F668B68A
UID recibido: 00007005E6C28D0E6F10A398
UID recibido: 00007005E6C28D0E6F109F9C
UID recibido: B68ACCFFFF20000300000112
UID recibido: B58BCCFFFF20000300000112
UID recibido: B68ACCFFFF20000300000112
UID recibido: B68ACCFFFF20000300000112
UID recibido: B58BCCFFFF20000300000112
UID recibido: B68ACCFFFF20000300000112
UID recibido: B68ACCFFFF20000300000112
UID recibido: B68ACCFFFF20000300000112
UID recibido: B68ACCFFFF20000300000112
UID recibido: 414F000091880630F668B68A
UID recibido: B68ACCFFFF20000300000112
UID recibido: B68ACCFFFF20000300000112
UID recibido: B68ACCFFFF20000300000112
UID recibido: B68ACCFFFF20000300000112
UID recibido: B68ACCFFFF20000300000112
UID recibido: B68ACCFFFF20000300000112
UID recibido: 00007005E6C28D0E6F109F9C
UID recibido: B58BCCFFFF20000300000112
UID recibido: 414F000091880630F668B48C
UID recibido: 414F000091880630F668AE92
UID recibido: 414F000091880630F668A39D
UID recibido: 00007005E6C28D0E6F10C378
UID recibido: C279CCFFFF20000300000112
UID recibido: 00007005E6C28D0E6F10C378
UID recibido: 00007005E6C28D0E6F10C378
UID recibido: 00007005E6C28D0E6F10C378
UID recibido: 414F000091880630F668B090
UID recibido: 414F000091880630F668AC94
UID recibido: C07BCCFFFF20000300000112
UID recibido: C07BCCFFFF20000300000112
UID recibido: 414F000091880630F668B28E
UID recibido: C07BCCFFFF20000300000112
UID recibido: 00007005E6C28D0E6F10C378
UID recibido: C279CCFFFF20000300000112
UID recibido: 414F000091880630F668B18F
UID recibido: 414F000091880630F668AF91
UID recibido: 00007005E6C28D0E6F10C378
UID recibido: C17ACCFFFF20000300000112
UID recibido: 00007005E6C28D0E6F10C378
UID recibido: 00007005E6C28D0E6F10AD8E
UID recibido: 00007005E6C28D0E6F10A992
UID recibido: 414F000091880630F668AF91
UID recibido: 414F000091880630F668AF91
UID recibido: 414F000091880630F668AF91
UID recibido: C17ACCFFFF20000300000112
UID recibido: B784CCFFFF20000300000112
UID recibido: 414F000091880630F668AC94
UID recibido: 414F000091880630F668AF91
UID recibido: 00007005E6C28D0E6F10C378
UID recibido: 414F000091880630F668B18F
UID recibido: 00007005E6C28D0E6F10C378
UID recibido: 414F000091880630F668B58B
UID recibido: 414F000091880630F668B68A
UID recibido: 414F000091880630F668B68A
UID recibido: 414F000091880630F668B48C
UID recibido: 414F000091880630F668B58B
UID recibido: 414F000091880630F668B58B
UID recibido: 00007005E6C28D0E6F10B685
UID recibido: 414F000091880630F668B58B
UID recibido: C17ACCFFFF20000300000112
UID recibido: 414F000091880630F668B38D
UID recibido: 414F000091880630F668B28E
UID recibido: 00007005E6C28D0E6F10C07B
UID recibido: 00007005E6C28D0E6F10C07B
UID recibido: 414F000091880630F668B48C
UID recibido: 00007005E6C28D0E6F10AF8C
UID recibido: B68ACCFFFF20000300000112
UID recibido: B48CCCFFFF20000300000112
UID recibido: B58BCCFFFF20000300000112
UID recibido: B58BCCFFFF20000300000112
UID recibido: 414F000091880630F668B48C
UID recibido: B58BCCFFFF20000300000112
UID recibido: B58BCCFFFF20000300000112
UID recibido: B58BCCFFFF20000300000112
UID recibido: 414F000091880630F668B58B
UID recibido: B58BCCFFFF20000300000112
UID recibido: 414F000091880630F668B58B
UID recibido: B58BCCFFFF20000300000112
UID recibido: B58BCCFFFF20000300000112
UID recibido: 00007005E6C28D0E6F10A398
UID recibido: B58BCCFFFF20000300000112
UID recibido: B58BCCFFFF20000300000112
UID recibido: B58BCCFFFF20000300000112
UID recibido: 00007005E6C28D0E6F10B18A
UID recibido: 00007005E6C28D0E6F10A992
UID recibido: 414F000091880630F668A997
UID recibido: AC8FCCFFFF20000300000112
UID recibido: AC8FCCFFFF20000300000112
UID recibido: AA91CCFFFF20000300000112
UID recibido: 00007005E6C28D0E6F10AF8C
UID recibido: 00007005E6C28D0E6F10AF8C
UID recibido: 414F000091880630F668B48C
UID recibido: B58BCCFFFF20000300000112
UID recibido: B58BCCFFFF20000300000112
UID recibido: B48CCCFFFF20000300000112
UID recibido: B48CCCFFFF20000300000112
UID recibido: B18FCCFFFF20000300000112
UID recibido: B090CCFFFF20000300000112
UID recibido: B18FCCFFFF20000300000112
UID recibido: AD93CCFFFF20000300000112
UID recibido: AC94CCFFFF20000300000112
UID recibido: AB95CCFFFF20000300000112
UID recibido: AA96CCFFFF20000300000112
UID recibido: A997CCFFFF20000300000112
UID recibido: AA96CCFFFF20000300000112
UID recibido: AB95CCFFFF20000300000112
UID recibido: AA96CCFFFF20000300000112
UID recibido: AA96CCFFFF20000300000112
UID recibido: 00007005E6C28D0E6F10A794
UID recibido: AC94CCFFFF20000300000112
UID recibido: 00007005E6C28D0E6F10A992
UID recibido: AC94CCFFFF20000300000112
UID recibido: AC94CCFFFF20000300000112
UID recibido: AB95CCFFFF20000300000112
UID recibido: AB95CCFFFF20000300000112
UID recibido: AB95CCFFFF20000300000112
UID recibido: AB95CCFFFF20000300000112
UID recibido: AB95CCFFFF20000300000112
UID recibido: AB95CCFFFF20000300000112
UID recibido: AA96CCFFFF20000300000112
UID recibido: AB95CCFFFF20000300000112
UID recibido: AA96CCFFFF20000300000112
UID recibido: AB95CCFFFF20000300000112
UID recibido: AB95CCFFFF20000300000112
UID recibido: AA96CCFFFF20000300000112
UID recibido: AA96CCFFFF20000300000112
UID recibido: AC94CCFFFF20000300000112
UID recibido: AA96CCFFFF20000300000112
UID recibido: AA96CCFFFF20000300000112
UID recibido: AC94CCFFFF20000300000112
UID recibido: AB95CCFFFF20000300000112
UID recibido: AF91CCFFFF20000300000112
UID recibido: 9F5ECCFFFF20000300000112
UID recibido: B38DCCFFFF20000300000112
UID recibido: B68ACCFFFF20000300000112
UID recibido: B58BCCFFFF20000300000112
UID recibido: 00007005E6C28D0E6F10A398
UID recibido: 414F000091880630F668B888
UID recibido: BC84CCFFFF20000300000112
UID recibido: 41550000651451087799AD58
UID recibido: B18FCCFFFF20000300000112
UID recibido: 0000401B3D26B88AEE899F5E
UID recibido: 0000020ED243709D2932AEB0
UID recibido: 0000020ED243709D2932B3AB
UID recibido: 0000020ED243709D2932AFAF
UID recibido: A5B9CCFFFF20000300000112
UID recibido: 0000020ED243709D2932A5B9
UID recibido: A3BBCCFFFF20000300000112
UID recibido: 0000020ED243709D2932A5B9
UID recibido: A3BBCCFFFF20000300000112
UID recibido: A5B9CCFFFF20000300000112
UID recibido: A3BBCCFFFF20000300000112
UID recibido: A5B9CCFFFF20000300000112
UID recibido: 0000020ED243709D29329FBF
UID recibido: A9B5CCFFFF20000300000112
UID recibido: 0000020ED243709D2932A9B5
UID recibido: ACB2CCFFFF20000300000112
UID recibido: 0000020ED243709D2932B2AC
UID recibido: ACB2CCFFFF20000300000112
UID recibido: AEB0CCFFFF20000300000112
UID recibido: A3BBCCFFFF20000300000112
UID recibido: A3AECCFFFF20000300000112
UID recibido: A5ACCCFFFF20000300000112
UID recibido: 9FBFCCFFFF20000300000112
UID recibido: 99C5CCFFFF20000300000112
UID recibido: 9FBFCCFFFF20000300000112
UID recibido: 9FBFCCFFFF20000300000112
UID recibido: 0000020ED243709D29329FBF
UID recibido: A3BBCCFFFF20000300000112
UID recibido: A5B9CCFFFF20000300000112
UID recibido: 0000501B3D2718834F6AA3AE
UID recibido: 0000501B3D2718834F6AA5AC
UID recibido: 0000020ED243709D2932A3BB
UID recibido: 0000501B3D2718834F6AA5AC
UID recibido: 0000501B3D2718834F6AA7AA
UID recibido: 0000020ED243709D29329FBF
UID recibido: 0000501B3D2718834F6A9FB2
UID recibido: 0000501B3D2718834F6AA9A8
UID recibido: 9FBFCCFFFF20000300000112
UID recibido: 0000501B3D2718834F6AA5AC
UID recibido: 9FBFCCFFFF20000300000112
UID recibido: 0000501B3D2718834F6AA3AE
UID recibido: 0000020ED243709D2932A3BB
UID recibido: A3BBCCFFFF20000300000112
UID recibido: 0000020ED243709D29329FBF
UID recibido: 0000020ED243709D2932A5B9
UID recibido: A3BBCCFFFF20000300000112
UID recibido: A9B5CCFFFF20000300000112
UID recibido: 0000020ED243709D2932AFAF
UID recibido: AFAFCCFFFF20000300000112
UID recibido: 9FBFCCFFFF20000300000112
UID recibido: AFAFCCFFFF20000300000112
UID recibido: 0000020ED243709D2932AAB4
UID recibido: 0000020ED243709D2932A7B7
UID recibido: A9B5CCFFFF20000300000112
UID recibido: A3BBCCFFFF20000300000112
UID recibido: 9FBFCCFFFF20000300000112
UID recibido: 0000020ED243709D2932AFAF
UID recibido: B0AECCFFFF20000300000112
UID recibido: 0000020ED243709D2932B3AB
UID recibido: 0000020ED243709D2932B4AA
UID recibido: 0000020ED243709D2932AEB0
UID recibido: 9FF8CCFFFF20000300000112
UID recibido: A5F2CCFFFF20000300000112
UID recibido: ACEBCCFFFF20000300000112
UID recibido: ABECCCFFFF20000300000112
UID recibido: AEE9CCFFFF20000300000112
UID recibido: ABECCCFFFF20000300000112
UID recibido: A9EECCFFFF20000300000112
UID recibido: ABECCCFFFF20000300000112
UID recibido: 0300000112CCFFFFD700005F
UID recibido: A7F0CCFFFF20000300000112
UID recibido: AEE9CCFFFF20000300000112
UID recibido: B0E7CCFFFF20000300000112
UID recibido: B1E6CCFFFF20000300000112
UID recibido: A5F2CCFFFF20000300000112
UID recibido: A3F4CCFFFF20000300000112
UID recibido: A9EECCFFFF20000300000112
UID recibido: AAEDCCFFFF20000300000112
UID recibido: A5F2CCFFFF20000300000112
UID recibido: A5F2CCFFFF20000300000112
UID recibido: A58ECCFFFF20000300000112
UID recibido: A58ECCFFFF20000300000112
UID recibido: A390CCFFFF20000300000112
UID recibido: 0000501B3D27A88BD06FAF84
UID recibido: A78CCCFFFF20000300000112
UID recibido: AB88CCFFFF20000300000112
UID recibido: 9F94CCFFFF20000300000112
UID recibido: 9F94CCFFFF20000300000112
UID recibido: 9F94CCFFFF20000300000112
UID recibido: B984CCFFFF20000300000112
UID recibido: B984CCFFFF20000300000112
UID recibido: B08DCCFFFF20000300000112
UID recibido: BE7FCCFFFF20000300000112
UID recibido: BE7FCCFFFF20000300000112
UID recibido: BE7FCCFFFF20000300000112
UID recibido: C07DCCFFFF20000300000112
UID recibido: C07DCCFFFF20000300000112
UID recibido: C07DCCFFFF20000300000112
UID recibido: BD80CCFFFF20000300000112
UID recibido: C07DCCFFFF20000300000112
UID recibido: C07DCCFFFF20000300000112
UID recibido: C07DCCFFFF20000300000112
UID recibido: BF7ECCFFFF20000300000112
UID recibido: C07DCCFFFF20000300000112
UID recibido: C07DCCFFFF20000300000112
UID recibido: BF7ECCFFFF20000300000112
UID recibido: C07DCCFFFF20000300000112
UID recibido: BE7FCCFFFF20000300000112
UID recibido: BF7ECCFFFF20000300000112
UID recibido: BE7FCCFFFF20000300000112
UID recibido: BF7ECCFFFF20000300000112
UID recibido: BD80CCFFFF20000300000112
UID recibido: BB82CCFFFF20000300000112
UID recibido: C07DCCFFFF20000300000112
UID recibido: BF7ECCFFFF20000300000112
UID recibido: BC81CCFFFF20000300000112
UID recibido: C07DCCFFFF20000300000112
UID recibido: BC81CCFFFF20000300000112
UID recibido: BE7FCCFFFF20000300000112
UID recibido: BF7ECCFFFF20000300000112
UID recibido: BF7ECCFFFF20000300000112
UID recibido: BF7ECCFFFF20000300000112
UID recibido: BF7ECCFFFF20000300000112
UID recibido: BF7ECCFFFF20000300000112
UID recibido: BD80CCFFFF20000300000112
UID recibido: C07DCCFFFF20000300000112
UID recibido: BF7ECCFFFF20000300000112
UID recibido: BF7ECCFFFF20000300000112
UID recibido: BF7ECCFFFF20000300000112
UID recibido: BE7FCCFFFF20000300000112
UID recibido: BD80CCFFFF20000300000112
UID recibido: BF7ECCFFFF20000300000112
UID recibido: BF7ECCFFFF20000300000112
UID recibido: BF7ECCFFFF20000300000112
UID recibido: C07DCCFFFF20000300000112
UID recibido: BF7ECCFFFF20000300000112
UID recibido: BE7FCCFFFF20000300000112
UID recibido: BF7ECCFFFF20000300000112
UID recibido: C07DCCFFFF20000300000112
UID recibido: BF7ECCFFFF20000300000112
UID recibido: BB82CCFFFF20000300000112
UID recibido: BF7ECCFFFF20000300000112
UID recibido: C07DCCFFFF20000300000112
UID recibido: BC81CCFFFF20000300000112
UID recibido: C07DCCFFFF20000300000112
UID recibido: BF7ECCFFFF20000300000112
UID recibido: C07DCCFFFF20000300000112
UID recibido: BF7ECCFFFF20000300000112
UID recibido: BF7ECCFFFF20000300000112
UID recibido: BF7ECCFFFF20000300000112
UID recibido: BF7ECCFFFF20000300000112
UID recibido: C07DCCFFFF20000300000112
UID recibido: BB82CCFFFF20000300000112
UID recibido: BF7ECCFFFF20000300000112
UID recibido: C07DCCFFFF20000300000112
UID recibido: BF7ECCFFFF20000300000112
UID recibido: CCFFFF200212003000E28068940000501B3D26608D1864BF7ECCFFFF20000300000112
UID recibido: CCFFFF200212003000E28068940000501B3D26608D1864BC81CCFFFF20000300000112
UID recibido: CCFFFF200212003000E28068940000501B3D26608D1864BF7ECCFFFF20000300000112
UID recibido: CCFFFF200212003000E28068940000501B3D26608D1864BF7ECCFFFF20000300000112
UID recibido: CCFFFF200212003000E28068940000501B3D26608D1864BB82CCFFFF20000300000112
UID recibido: CCFFFF200212003000E28068940000501B3D26608D1864BF7ECCFFFF20000300000112
UID recibido: 
UID recibido: 
UID recibido: 
UID recibido: 
UID recibido: 
UID recibido: 
UID recibido: 
UID recibido: 
UID recibido: 
UID recibido: 
UID recibido: 
UID recibido: 
UID recibido: 
UID recibido: 3D2660
UID recibido: 3D2660
UID recibido: 3D2660
UID recibido: 3D2660
UID recibido: 3D2660
UID recibido: 3D2660
UID recibido: 3D2660
UID recibido: 3D2660
UID recibido: 3D2660
UID recibido: 608D1864
UID recibido: 608D1864
UID recibido: 608D1864
UID recibido: 00000001
UID recibido: 00000001
UID recibido: 00000001
UID recibido: 00000001
UID recibido: 00000001
UID recibido: 00000001
UID recibido: 00000001
UID recibido: 00000001
UID recibido: 00000001
UID recibido: 00000001
UID recibido: 0064188D
UID recibido: 0064188D
UID recibido: 0064188D
UID recibido: 0064188D
UID recibido: 0064188D
UID recibido: 0064188D
UID recibido: 0081BC64
UID recibido: 0080BD64
UID recibido: 0080BD64
UID recibido: 007FBE64
UID recibido: 0080BD64
UID recibido: 0080BD64
UID recibido: 0081BC64
UID recibido: 0081BC64
UID recibido: 0081BC64
UID recibido: 0080BD64
UID recibido: 0026608D
UID recibido: 0026608D
UID recibido: 0026608D
UID recibido: 0026608D
UID recibido: 0026608D
UID recibido: 0026608D
UID recibido: 0026608D
UID recibido: 0026608D
UID recibido: 0026608D
UID recibido: 0026608D
UID recibido: 0026608D
UID recibido: 0026608D
UID recibido: 0026608D
UID recibido: 0026608D
UID recibido: 0026608D
UID recibido: 0026608D
UID recibido: 0026608D
UID recibido: 0026608D
UID recibido: 0026608D
UID recibido: 0026608D
UID recibido: 0026608D
UID recibido: 0026608D
UID recibido: 0026608D
UID recibido: 0026608D
UID recibido: 0026608D
UID recibido: 0026608D
UID recibido: 0026608D
UID recibido: 0026608D
UID recibido: 0026608D
UID recibido: 0026608D
UID recibido: 0026608D
UID recibido: 0026608D
UID recibido: 0026608D
UID recibido: 0026608D
UID recibido: 0026608D
UID recibido: 0026608D
UID recibido: 0026608D
UID recibido: 0026608D
UID recibido: 0026608D
UID recibido: 0026608D
UID recibido: 0026608D
UID recibido: 0026608D
UID recibido: 0026608D
UID recibido: 0026608D
UID recibido: 0026608D
UID recibido: 0026608D
UID recibido: 0026608D
UID recibido: 0026608D
UID recibido: 0026608D
UID recibido: 0026608D
UID recibido: 0026608D
UID recibido: 0026608D
UID recibido: 0026608D
UID recibido: 0026608D
UID recibido: 0026608D
UID recibido: 0026608D
UID recibido: 0026608D
UID recibido: 0026608D
UID recibido: 0026608D
UID recibido: 0026608D
UID recibido: 0026608D
UID recibido: 0026608D
UID recibido: 0026608D
UID recibido: 0026608D
UID recibido: 0026608D
UID recibido: 0026608D
UID recibido: 0026608D
UID recibido: 0026608D
UID recibido: 0026608D
UID recibido: 0026608D
UID recibido: 0026608D
UID recibido: 0026608D
UID recibido: 0026608D
UID recibido: 0026608D
UID recibido: 0026608D
UID recibido: 0026608D
UID recibido: 0026608D
UID recibido: 0026608D
UID recibido: 0026608D
UID recibido: 0026608D
UID recibido: 0026608D
UID recibido: 0026608D
UID recibido: 0026608D
UID recibido: 0026608D
UID recibido: 0026608D
UID recibido: 0026608D
UID recibido: 0026608D
UID recibido: 0026608D
UID recibido: 0026608D
UID recibido: 0026608D
UID recibido: 0026608D
UID recibido: 0026608D
UID recibido: 0026608D
UID recibido: 0026608D
UID recibido: 0026608D
UID recibido: 0026608D
UID recibido: 0026608D
UID recibido: 0026608D
UID recibido: 0026608D
UID recibido: 0026608D
UID recibido: 0026608D
UID recibido: 0026608D
UID recibido: 0026608D
UID recibido: 0026608D
